2025-11-20T16:10:50.202+01:00 r= ip= u=  INFO 16408 --- [main] a.a.t.s.g.backend.BackendApplication     : Starting BackendApplication using Java 25 with PID 16408 (D:\Eigene Dateien\Dokumente\sepr-groupphase-template\backend\target\classes started by Fudi in D:\Eigene Dateien\Dokumente\sepr-groupphase-template)
2025-11-20T16:10:50.206+01:00 r= ip= u=  INFO 16408 --- [main] a.a.t.s.g.backend.BackendApplication     : No active profile set, falling back to 1 default profile: "default"
2025-11-20T16:10:54.058+01:00 r= ip= u=  INFO 16408 --- [main] .s.d.r.c.RepositoryConfigurationDelegate : Bootstrapping Spring Data JPA repositories in DEFAULT mode.
2025-11-20T16:10:54.105+01:00 r= ip= u=  INFO 16408 --- [main] .s.d.r.c.RepositoryConfigurationDelegate : Finished Spring Data repository scanning in 40 ms. Found 1 JPA repository interface.
2025-11-20T16:10:54.556+01:00 r= ip= u=  INFO 16408 --- [main] o.s.b.w.embedded.tomcat.TomcatWebServer  : Tomcat initialized with port 8080 (http)
2025-11-20T16:10:54.567+01:00 r= ip= u=  INFO 16408 --- [main] o.apache.catalina.core.StandardService   : Starting service [Tomcat]
2025-11-20T16:10:54.567+01:00 r= ip= u=  INFO 16408 --- [main] o.apache.catalina.core.StandardEngine    : Starting Servlet engine: [Apache Tomcat/10.1.48]
2025-11-20T16:10:54.622+01:00 r= ip= u=  INFO 16408 --- [main] o.a.c.c.C.[Tomcat].[localhost].[/]       : Initializing Spring embedded WebApplicationContext
2025-11-20T16:10:54.622+01:00 r= ip= u=  INFO 16408 --- [main] w.s.c.ServletWebServerApplicationContext : Root WebApplicationContext: initialization completed in 4265 ms
2025-11-20T16:10:54.845+01:00 r= ip= u=  INFO 16408 --- [main] o.hibernate.jpa.internal.util.LogHelper  : HHH000204: Processing PersistenceUnitInfo [name: default]
2025-11-20T16:10:54.909+01:00 r= ip= u=  INFO 16408 --- [main] org.hibernate.Version                    : HHH000412: Hibernate ORM core version 6.6.33.Final
2025-11-20T16:10:54.942+01:00 r= ip= u=  INFO 16408 --- [main] o.h.c.internal.RegionFactoryInitiator    : HHH000026: Second-level cache disabled
2025-11-20T16:10:55.205+01:00 r= ip= u=  INFO 16408 --- [main] o.s.o.j.p.SpringPersistenceUnitInfo      : No LoadTimeWeaver setup: ignoring JPA class transformer
2025-11-20T16:10:55.231+01:00 r= ip= u=  INFO 16408 --- [main] com.zaxxer.hikari.HikariDataSource       : HikariPool-1 - Starting...
2025-11-20T16:11:00.006+01:00 r= ip= u=  INFO 16408 --- [main] com.zaxxer.hikari.pool.HikariPool        : HikariPool-1 - Added connection conn1: url=jdbc:h2:file:./database/db user=ADMIN
2025-11-20T16:11:00.007+01:00 r= ip= u=  INFO 16408 --- [main] com.zaxxer.hikari.HikariDataSource       : HikariPool-1 - Start completed.
2025-11-20T16:11:00.059+01:00 r= ip= u=  INFO 16408 --- [main] org.hibernate.orm.connections.pooling    : HHH10001005: Database info:
	Database JDBC URL [Connecting through datasource 'HikariDataSource (HikariPool-1)']
	Database driver: undefined/unknown
	Database version: 2.4.240
	Autocommit mode: undefined/unknown
	Isolation level: undefined/unknown
	Minimum pool size: undefined/unknown
	Maximum pool size: undefined/unknown
2025-11-20T16:11:00.663+01:00 r= ip= u=  INFO 16408 --- [main] o.h.e.t.j.p.i.JtaPlatformInitiator       : HHH000489: No JTA platform available (set 'hibernate.transaction.jta.platform' to enable JTA platform integration)
2025-11-20T16:11:00.695+01:00 r= ip= u=  INFO 16408 --- [main] j.LocalContainerEntityManagerFactoryBean : Initialized JPA EntityManagerFactory for persistence unit 'default'
2025-11-20T16:11:01.409+01:00 r= ip= u= TRACE 16408 --- [main] s.w.s.m.m.a.RequestMappingHandlerMapping : 
	a.a.t.s.g.b.e.CustomHealthEndpoint:
	{GET [/health/prepareShutdown]}: preShutdown()
	{GET [/health]}: getHealth()
2025-11-20T16:11:01.411+01:00 r= ip= u= TRACE 16408 --- [main] s.w.s.m.m.a.RequestMappingHandlerMapping : 
	a.a.t.s.g.b.e.LoginEndpoint:
	{POST [/api/v1/authentication]}: login(UserLoginDto)
2025-11-20T16:11:01.413+01:00 r= ip= u= TRACE 16408 --- [main] s.w.s.m.m.a.RequestMappingHandlerMapping : 
	a.a.t.s.g.b.e.MessageEndpoint:
	{GET [/api/v1/messages/{id}]}: find(Long)
	{POST [/api/v1/messages]}: create(MessageInquiryDto)
	{GET [/api/v1/messages]}: findAll()
2025-11-20T16:11:01.417+01:00 r= ip= u= TRACE 16408 --- [main] s.w.s.m.m.a.RequestMappingHandlerMapping : 
	o.s.b.a.w.s.e.BasicErrorController:
	{ [/error]}: error(HttpServletRequest)
	{ [/error], produces [text/html]}: errorHtml(HttpServletRequest,HttpServletResponse)
2025-11-20T16:11:01.427+01:00 r= ip= u= TRACE 16408 --- [main] s.w.s.m.m.a.RequestMappingHandlerMapping : 
	o.s.w.a.OpenApiWebMvcResource:
	{GET [/v3/api-docs], produces [application/json]}: openapiJson(HttpServletRequest,String,Locale)
	{GET [/v3/api-docs.yaml], produces [application/vnd.oai.openapi]}: openapiYaml(HttpServletRequest,String,Locale)
2025-11-20T16:11:01.429+01:00 r= ip= u= TRACE 16408 --- [main] s.w.s.m.m.a.RequestMappingHandlerMapping : 
	o.s.w.u.SwaggerWelcomeWebMvc:
	{GET [/swagger-ui.html]}: redirectToUi(HttpServletRequest)
2025-11-20T16:11:01.430+01:00 r= ip= u= TRACE 16408 --- [main] s.w.s.m.m.a.RequestMappingHandlerMapping : 
	o.s.w.u.SwaggerConfigResource:
	{GET [/v3/api-docs/swagger-config], produces [application/json]}: openapiJson(HttpServletRequest)
2025-11-20T16:11:01.431+01:00 r= ip= u= DEBUG 16408 --- [main] s.w.s.m.m.a.RequestMappingHandlerMapping : 12 mappings in 'requestMappingHandlerMapping'
2025-11-20T16:11:01.684+01:00 r= ip= u=  INFO 16408 --- [main] r$InitializeUserDetailsManagerConfigurer : Global AuthenticationManager configured with UserDetailsService bean with name customUserDetailService
2025-11-20T16:11:02.205+01:00 r= ip= u=  INFO 16408 --- [main] o.s.b.w.embedded.tomcat.TomcatWebServer  : Tomcat started on port 8080 (http) with context path '/'
2025-11-20T16:11:02.261+01:00 r= ip= u=  INFO 16408 --- [main] o.s.b.w.embedded.tomcat.TomcatWebServer  : Tomcat initialized with port 8081 (http)
2025-11-20T16:11:02.262+01:00 r= ip= u=  INFO 16408 --- [main] o.apache.catalina.core.StandardService   : Starting service [Tomcat]
2025-11-20T16:11:02.262+01:00 r= ip= u=  INFO 16408 --- [main] o.apache.catalina.core.StandardEngine    : Starting Servlet engine: [Apache Tomcat/10.1.48]
2025-11-20T16:11:02.288+01:00 r= ip= u=  INFO 16408 --- [http-nio-8080-exec-1] o.a.c.c.C.[Tomcat].[localhost].[/]       : Initializing Spring DispatcherServlet 'dispatcherServlet'
2025-11-20T16:11:02.288+01:00 r= ip= u=  INFO 16408 --- [http-nio-8080-exec-1] o.s.web.servlet.DispatcherServlet        : Initializing Servlet 'dispatcherServlet'
2025-11-20T16:11:02.289+01:00 r= ip= u=  INFO 16408 --- [http-nio-8080-exec-1] o.s.web.servlet.DispatcherServlet        : Completed initialization in 1 ms
2025-11-20T16:11:02.297+01:00 r= ip= u=  INFO 16408 --- [main] o.a.c.c.C.[Tomcat-1].[localhost].[/]     : Initializing Spring embedded WebApplicationContext
2025-11-20T16:11:02.297+01:00 r= ip= u=  INFO 16408 --- [main] w.s.c.ServletWebServerApplicationContext : Root WebApplicationContext: initialization completed in 90 ms
2025-11-20T16:11:02.308+01:00 r= ip= u=  INFO 16408 --- [main] o.s.b.a.e.web.EndpointLinksResolver      : Exposing 5 endpoints beneath base path '/actuator'
2025-11-20T16:11:02.320+01:00 r= ip= u= TRACE 16408 --- [main] s.w.s.m.m.a.RequestMappingHandlerMapping : 
	o.s.b.a.a.w.s.ManagementErrorEndpoint:
	{ [/error]}: invoke(ServletWebRequest)
2025-11-20T16:11:02.320+01:00 r= ip= u= DEBUG 16408 --- [main] s.w.s.m.m.a.RequestMappingHandlerMapping : 1 mappings in 'requestMappingHandlerMapping'
2025-11-20T16:11:02.336+01:00 r= ip= u=  INFO 16408 --- [main] o.s.b.w.embedded.tomcat.TomcatWebServer  : Tomcat started on port 8081 (http) with context path '/'
2025-11-20T16:11:02.348+01:00 r= ip= u=  INFO 16408 --- [main] a.a.t.s.g.backend.BackendApplication     : Started BackendApplication in 12.884 seconds (process running for 13.719)
2025-11-20T16:11:02.355+01:00 r= ip= u= ERROR 16408 --- [main] o.s.b.c.p.m.PropertiesMigrationListener  : 
The use of configuration keys that are no longer supported was found in the environment:

Property source 'Config resource 'class path resource [application.yml]' via location 'optional:classpath:/' (document #0)':
	Key: management.endpoint.metrics.enabled
		Line: 45
		Reason: Replacement key 'management.endpoint.metrics.access' uses an incompatible target type
	Key: management.endpoint.prometheus.enabled
		Line: 47
		Reason: Replacement key 'management.endpoint.prometheus.access' uses an incompatible target type
	Key: management.endpoint.shutdown.enabled
		Line: 43
		Reason: Replacement key 'management.endpoint.shutdown.access' uses an incompatible target type


Please refer to the release notes or reference guide for potential alternatives.

2025-11-20T16:11:02.356+01:00 r= ip= u=  WARN 16408 --- [main] o.s.core.events.SpringDocAppInitializer  : SpringDoc /v3/api-docs endpoint is enabled by default. To disable it in production, set the property 'springdoc.api-docs.enabled=false'
2025-11-20T16:11:02.356+01:00 r= ip= u=  WARN 16408 --- [main] o.s.core.events.SpringDocAppInitializer  : SpringDoc /swagger-ui.html endpoint is enabled by default. To disable it in production, set the property 'springdoc.swagger-ui.enabled=false'
2025-11-20T16:11:02.543+01:00 r=d16ed59d769a ip=0:0:0:0:0:0:0:1 u=  INFO 16408 --- [http-nio-8080-exec-5] a.a.t.s.g.backend.config.LogFilter       : >>> GET /v3/api-docs/swagger-config UA=Mozilla/5.0 (Windows NT 10.0; Win64; x64) AppleWebKit/537.36 (KHTML, like Gecko) Chrome/142.0.0.0 Safari/537.36
2025-11-20T16:11:02.544+01:00 r=d16ed59d769a ip=0:0:0:0:0:0:0:1 u= TRACE 16408 --- [http-nio-8080-exec-5] s.w.s.m.m.a.RequestMappingHandlerMapping : Mapped to org.springdoc.webmvc.ui.SwaggerConfigResource#openapiJson(HttpServletRequest)
2025-11-20T16:11:02.560+01:00 r=d16ed59d769a ip=0:0:0:0:0:0:0:1 u=  INFO 16408 --- [http-nio-8080-exec-5] a.a.t.s.g.backend.config.LogFilter       : <<< GET /v3/api-docs/swagger-config status=200 time=16ms
2025-11-20T16:11:02.567+01:00 r=cd491c99ec5b ip=0:0:0:0:0:0:0:1 u=  INFO 16408 --- [http-nio-8080-exec-9] a.a.t.s.g.backend.config.LogFilter       : >>> GET /v3/api-docs UA=Mozilla/5.0 (Windows NT 10.0; Win64; x64) AppleWebKit/537.36 (KHTML, like Gecko) Chrome/142.0.0.0 Safari/537.36
2025-11-20T16:11:02.568+01:00 r=cd491c99ec5b ip=0:0:0:0:0:0:0:1 u= TRACE 16408 --- [http-nio-8080-exec-9] s.w.s.m.m.a.RequestMappingHandlerMapping : Mapped to org.springdoc.webmvc.api.OpenApiWebMvcResource#openapiJson(HttpServletRequest, String, Locale)
2025-11-20T16:11:02.749+01:00 r=cd491c99ec5b ip=0:0:0:0:0:0:0:1 u=  INFO 16408 --- [http-nio-8080-exec-9] o.springdoc.api.AbstractOpenApiResource  : Init duration for springdoc-openapi is: 172 ms
2025-11-20T16:11:02.762+01:00 r=cd491c99ec5b ip=0:0:0:0:0:0:0:1 u=  INFO 16408 --- [http-nio-8080-exec-9] a.a.t.s.g.backend.config.LogFilter       : <<< GET /v3/api-docs status=200 time=194ms
2025-11-20T16:11:43.440+01:00 r=56ef68917c81 ip=0:0:0:0:0:0:0:1 u=  INFO 16408 --- [http-nio-8080-exec-10] a.a.t.s.g.backend.config.LogFilter       : >>> GET /api/v1/messages/12 UA=Mozilla/5.0 (Windows NT 10.0; Win64; x64) AppleWebKit/537.36 (KHTML, like Gecko) Chrome/142.0.0.0 Safari/537.36
2025-11-20T16:11:43.440+01:00 r=56ef68917c81 ip=0:0:0:0:0:0:0:1 u= TRACE 16408 --- [http-nio-8080-exec-10] s.w.s.m.m.a.RequestMappingHandlerMapping : Mapped to at.ac.tuwien.sepr.groupphase.backend.endpoint.MessageEndpoint#find(Long)
2025-11-20T16:11:43.454+01:00 r=56ef68917c81 ip=0:0:0:0:0:0:0:1 u=  INFO 16408 --- [http-nio-8080-exec-10] a.a.t.s.g.backend.config.LogFilter       : <<< GET /api/v1/messages/12 status=200 time=14ms
2025-11-20T16:11:43.460+01:00 r= ip= u= TRACE 16408 --- [http-nio-8080-exec-10] s.w.s.m.m.a.RequestMappingHandlerMapping : 2 matching mappings: [{ [/error]}, { [/error], produces [text/html]}]
2025-11-20T16:11:43.461+01:00 r= ip= u= TRACE 16408 --- [http-nio-8080-exec-10] s.w.s.m.m.a.RequestMappingHandlerMapping : 2 matching mappings: [{ [/error]}, { [/error], produces [text/html]}]
2025-11-20T16:11:43.461+01:00 r= ip= u= TRACE 16408 --- [http-nio-8080-exec-10] s.w.s.m.m.a.RequestMappingHandlerMapping : Mapped to org.springframework.boot.autoconfigure.web.servlet.error.BasicErrorController#error(HttpServletRequest)
2025-11-20T17:46:48.407+01:00 r= ip= u=  INFO 16408 --- [SpringApplicationShutdownHook] o.s.b.w.e.tomcat.GracefulShutdown        : Commencing graceful shutdown. Waiting for active requests to complete
2025-11-20T17:46:48.412+01:00 r= ip= u=  INFO 16408 --- [tomcat-shutdown] o.s.b.w.e.tomcat.GracefulShutdown        : Graceful shutdown complete
2025-11-20T17:46:48.412+01:00 r= ip= u=  INFO 16408 --- [SpringApplicationShutdownHook] o.s.b.w.e.tomcat.GracefulShutdown        : Commencing graceful shutdown. Waiting for active requests to complete
2025-11-20T17:46:48.415+01:00 r= ip= u=  INFO 16408 --- [tomcat-shutdown] o.s.b.w.e.tomcat.GracefulShutdown        : Graceful shutdown complete
2025-11-20T17:46:48.426+01:00 r= ip= u=  INFO 16408 --- [SpringApplicationShutdownHook] j.LocalContainerEntityManagerFactoryBean : Closing JPA EntityManagerFactory for persistence unit 'default'
2025-11-20T17:46:48.429+01:00 r= ip= u=  INFO 16408 --- [SpringApplicationShutdownHook] com.zaxxer.hikari.HikariDataSource       : HikariPool-1 - Shutdown initiated...
2025-11-20T17:46:48.429+01:00 r= ip= u=  INFO 16408 --- [SpringApplicationShutdownHook] com.zaxxer.hikari.HikariDataSource       : HikariPool-1 - Shutdown completed.
